// Jest Snapshot v1, https://goo.gl/fbAQLP

exports[`<Types /> should render correctly 1`] = `<Loading />`;
