// Jest Snapshot v1, https://goo.gl/fbAQLP

exports[`<Referral /> should render correctly 1`] = `<Loading />`;
