// Jest Snapshot v1, https://goo.gl/fbAQLP

exports[`<Total /> should render correctly 1`] = `<Loading />`;
