// Jest Snapshot v1, https://goo.gl/fbAQLP

exports[`<Type /> should render correctly 1`] = `<Loading />`;
