// Jest Snapshot v1, https://goo.gl/fbAQLP

exports[`<Add /> should render correctly 1`] = `<Loading />`;
