// Jest Snapshot v1, https://goo.gl/fbAQLP

exports[`<CostUpdate /> should render correctly 1`] = `
<Redirect
  push={false}
  to="/projects"
/>
`;
