// Jest Snapshot v1, https://goo.gl/fbAQLP

exports[`<Edit /> should render correctly 1`] = `<Loading />`;
