// Jest Snapshot v1, https://goo.gl/fbAQLP

exports[`<Add /> should render correctly 1`] = `
<div
  className="content"
>
  <div
    className="row"
  >
    <div
      className="column"
    >
      <h2
        className="card-title"
      >
        Add a New Client
      </h2>
      <div
        className="card"
      >
        <form
          onSubmit={[Function]}
        >
          <div
            className="row form-section"
          >
            <div
              className="md-4 column form-section__title no-left"
            >
              <h3>
                Basic Information
              </h3>
              <p>
                Enter all the basic information about this client to help you identify them later
              </p>
            </div>
            <div
              className="md-8 column no-right"
            >
              <label
                className="form-label"
                htmlFor="firstName"
              >
                 First Name 
                <span
                  className="form-required"
                >
                  *
                </span>
              </label>
              <input
                className="form-text form-text--full"
                name="firstName"
                required={true}
                type="text"
              />
              <label
                className="form-label"
                htmlFor="lastName"
              >
                 Last Name 
                <span
                  className="form-required"
                >
                  *
                </span>
              </label>
              <input
                className="form-text form-text--full"
                name="lastName"
                required={true}
                type="text"
              />
              <label
                className="form-label"
                htmlFor="salesman"
              >
                Sold by 
                <span
                  className="form-required"
                >
                  *
                </span>
              </label>
              <span
                className="form-select"
              >
                <select
                  name="salesman"
                  required={true}
                >
                  <option>
                    John Doe
                  </option>
                </select>
              </span>
            </div>
          </div>
          <div
            className="row form-section"
          >
            <div
              className="md-4 column form-section__title no-left"
            >
              <h3>
                Contact Information
              </h3>
              <p>
                Enter all the contact information about this client
              </p>
            </div>
            <div
              className="md-8 column no-right"
            >
              <label
                className="form-label"
                htmlFor="email"
              >
                Email
              </label>
              <input
                className="form-text form-text--full"
                name="email"
                type="email"
              />
              <label
                className="form-label"
                htmlFor="homePhone"
              >
                Home Phone
              </label>
              <input
                className="form-text form-text--full"
                maxLength="12"
                name="homePhone"
                onKeyUp={[Function]}
                type="text"
              />
              <label
                className="form-label"
                htmlFor="mobilePhone"
              >
                Mobile Phone
              </label>
              <input
                className="form-text form-text--full"
                maxLength="12"
                name="mobilePhone"
                onKeyUp={[Function]}
                type="text"
              />
              <label
                className="form-label"
                htmlFor="workPhone"
              >
                Work Phone
              </label>
              <input
                className="form-text form-text--full"
                maxLength="12"
                name="workPhone"
                onKeyUp={[Function]}
                type="text"
              />
            </div>
          </div>
          <div
            className="row form-section no-border"
          >
            <div
              className="md-4 column form-section__title no-left"
            >
              <h3>
                Client Location
              </h3>
              <p>
                Enter all the information associated with the location of this client
              </p>
            </div>
            <div
              className="md-8 column no-right"
            >
              <label
                className="form-label"
                htmlFor="houseNumber"
              >
                House Number 
                <span
                  className="form-required"
                >
                  *
                </span>
              </label>
              <input
                className="form-text form-text--full"
                name="houseNumber"
                required={true}
                type="text"
              />
              <label
                className="form-label"
                htmlFor="street"
              >
                Street 
                <span
                  className="form-required"
                >
                  *
                </span>
              </label>
              <input
                className="form-text form-text--full"
                name="street"
                required={true}
                type="text"
              />
              <label
                className="form-label"
                htmlFor="city"
              >
                City 
                <span
                  className="form-required"
                >
                  *
                </span>
              </label>
              <input
                className="form-text form-text--full"
                name="city"
                required={true}
                type="text"
              />
              <label
                className="form-label"
                htmlFor="postal-code"
              >
                Postal Code 
                <span
                  className="form-required"
                >
                  *
                </span>
              </label>
              <input
                className="form-text form-text--full capitalize"
                maxLength="6"
                name="postal-code"
                required={true}
                type="text"
              />
            </div>
          </div>
          <div
            className="text-center"
          >
            <input
              className="btn btn--primary btn--large"
              type="submit"
              value="Add Client"
            />
          </div>
        </form>
      </div>
    </div>
  </div>
</div>
`;
